Processing m5stack-core2 (platform: espressif32; board: m5stack-core2; framework: arduino)
--------------------------------------------------------------------------------
Verbose mode can be enabled via `-v, --verbose` option
CONFIGURATION: https://docs.platformio.org/page/boards/espressif32/m5stack-core2.html
PLATFORM: Espressif 32 (6.5.0) > M5Stack Core2
HARDWARE: ESP32 240MHz, 4.31MB RAM, 16MB Flash
DEBUG: Current (cmsis-dap) External (cmsis-dap, esp-bridge, esp-prog, iot-bus-jtag, jlink, minimodule, olimex-arm-usb-ocd, olimex-arm-usb-ocd-h, olimex-arm-usb-tiny-h, olimex-jtag-tiny, tumpa)
PACKAGES: 
 - framework-arduinoespressif32 @ 3.20014.231204 (2.0.14) 
 - tool-esptoolpy @ 1.40501.0 (4.5.1) 
 - tool-openocd-esp32 @ 2.1100.20220706 (11.0) 
 - toolchain-xtensa-esp32 @ 8.4.0+2021r2-patch5
LDF: Library Dependency Finder -> https://bit.ly/configure-pio-ldf
LDF Modes: Finder ~ chain, Compatibility ~ soft
Found 40 compatible libraries
Scanning dependencies...
Dependency Graph
|-- M5Unified @ 0.2.13+sha.a625672
|-- ESP32Encoder @ 0.11.8+sha.7501cb4
|-- OneButton @ 2.6.2
|-- lvgl @ 9.5.0
|-- NimBLE-Arduino @ 1.4.3
|-- CoyoStim @ 0.0.1+sha.3b1ccfb
|-- Preferences @ 2.0.0
|-- WiFi @ 2.0.0
Building in release mode
Retrieving maximum program size .pio\build\m5stack-core2\firmware.elf
Checking size .pio\build\m5stack-core2\firmware.elf
Advanced Memory Usage is available via "PlatformIO Home > Project Inspect"
RAM:   [          ]   1.9% (used 85332 bytes from 4521984 bytes)
Flash: [=====     ]  47.6% (used 3116585 bytes from 6553600 bytes)
========================= [SUCCESS] Took 26.65 seconds =========================

Environment    Status    Duration
-------------  --------  ------------
m5stack-core2  SUCCESS   00:00:26.654
========================= 1 succeeded in 00:00:26.654 =========================
